// Jest Snapshot v1, https://goo.gl/fbAQLP

exports[` is expected to render CardList component 1`] = `ShallowWrapper {}`;
